// Jest Snapshot v1, https://goo.gl/fbAQLP

exports[`ForecastDetails renders as expected 1`] = `
<DocumentFragment>
  <div
    class="forecast-details"
    data-testid="forecast-details"
  >
    <div
      class="forecast-details__formatted-date"
    >
      Thursday 1st January
    </div>
    <div
      class="forecast-details__minimum-temperature"
    >
      12°C
    </div>
    <div
      class="forecast-details__maximum-temperature"
    >
      22°C
    </div>
    <div
      class="forecast-details__humidity"
    >
      Humidity:80%
    </div>
    <div
      class="forecast-details__wind-speed"
    >
      Wind speed:30mph
    </div>
    <div
      class="forecast-details__wind-direction"
    >
      Wind direction:nw
    </div>
  </div>
</DocumentFragment>
`;
